(---------------------------------------------------------------------)
(                                                                     )
(    Allegro Netrev Import Logic                                      )
(                                                                     )
(    Drawing          : ultima_new.brd                                )
(    Software Version : 23.1S006                                      )
(    Date/Time        : Fri Sep  6 18:10:38 2024                      )
(                                                                     )
(---------------------------------------------------------------------)


------ Directives ------------

Ripup etch:                  No
Ripup delete first segment:  No
Ripup retain bondwire:       No
Ripup symbols:               Always
Missing symbol has error:    No
DRC update:                  Yes
Schematic directory:         '.'
Design Directory:            'D:/Projects/HardwareDesign/Xilinx KC705/allegro'
Old design name:             'D:/Projects/HardwareDesign/Xilinx KC705/allegro/ultima_new.brd'
New design name:             'D:/Projects/HardwareDesign/Xilinx KC705/allegro/ultima_new.brd'

CmdLine: netrev -i . -y 1 -q netrev_constraint_report.xml D:/Projects/HardwareDesign/Xilinx KC705/allegro/#Taaaaau21408.tmp

------ Preparing to read pst files ------

Starting to read ./pstchip.dat 
   Finished reading ./pstchip.dat (00:00:00.06)
Starting to read ./pstxprt.dat 
   Finished reading ./pstxprt.dat (00:00:00.00)
Starting to read ./pstxnet.dat 
   Finished reading ./pstxnet.dat (00:00:00.01)

------ Oversights/Warnings/Errors ------


#1   WARNING(SPMHNI-192): Device/Symbol check warning detected. [help]

ERROR(SPMHNI-196): Symbol 'TPB11CGPC004' for device 'TPB11CGPC004_TPB11CGPC004_TPB11CGPC004' has extra pin '3'.

ERROR(SPMHNI-195): Symbol 'TPB11CGPC004' for device 'TPB11CGPC004_TPB11CGPC004_TPB11CGPC004' is missing pin '2'.

#2   WARNING(SPMHNI-192): Device/Symbol check warning detected. [help]

WARNING(SPMHNI-337): Unable to load symbol 'QFN50P500X500X100-29N-D' used by RefDes IC10 for device 'CP2103-GM_QFN50P500X500X100-29N-D_CP2103-GM': WARNING(SPMHUT-127): Could not find padstack D100_30.
    due to ERROR(SPMHDB-273): Unable to load shape symbol D100_30 (Check PSMPATH setting for this s

     Could not find padstack D100_30.

#3   WARNING(SPMHNI-192): Device/Symbol check warning detected. [help]

WARNING(SPMHNI-337): Unable to load symbol 'QFN50P600X600X95-37N-D' used by RefDes IC5 for device 'SI5324C-C-GM_QFN50P600X600X95-37N-D_SI5324C-C-GM': WARNING(SPMHUT-127): Could not find padstack D105_30.
    due to ERROR(SPMHDB-273): Unable to load shape symbol D105_30 (Check PSMPATH setting for thi

     Could not find padstack D105_30.

------ Library Paths ------
MODULEPATH =  . 
           c:/cadence/spb_23.1/share/local/pcb/modules 

PSMPATH =  . 
           symbols 
           .. 
           ../symbols 
           c:/cadence/spb_23.1/share/local/pcb/symbols 
           c:/cadence/spb_23.1/share/pcb/pcb_lib/symbols 
           c:/cadence/spb_23.1/share/pcb/allegrolib/symbols 

PADPATH =  . 
           symbols 
           .. 
           ../symbols 
           c:/cadence/spb_23.1/share/local/pcb/padstacks 
           c:/cadence/spb_23.1/share/pcb/pcb_lib/symbols 
           c:/cadence/spb_23.1/share/pcb/allegrolib/symbols 


------ Summary Statistics ------


netrev run on Sep 6 18:10:38 2024
   DESIGN NAME : 'ULTIMA'
   PACKAGING ON Jul 18 2024 23:20:50

   COMPILE 'logic'
   CHECK_PIN_NAMES OFF
   CROSS_REFERENCE OFF
   FEEDBACK OFF
   INCREMENTAL OFF
   INTERFACE_TYPE PHYSICAL
   MAX_ERRORS 500
   MERGE_MINIMUM 5
   NET_NAME_CHARS '#%&()*+-./:=>?@[]^_`|'
   NET_NAME_LENGTH 24
   OVERSIGHTS ON
   REPLACE_CHECK OFF
   SINGLE_NODE_NETS ON
   SPLIT_MINIMUM 0
   SUPPRESS   20
   WARNINGS ON

 No error detected
 No oversight detected
  3 warnings detected

cpu time      0:01:24
elapsed time  0:00:00

