(---------------------------------------------------------------------)
(                                                                     )
(    Dangling Line, Via and Antenna Report                            )
(                                                                     )
(    Drawing          : ST-LINKV3.brd                                 )
(    Software Version : 23.1S005                                      )
(    Date/Time        : Tue Jul 23 16:45:19 2024                      )
(                                                                     )
(---------------------------------------------------------------------)


Report methodology:
  - Dangling lines have at least one end not connected.
  - Dangling vias have one or no connection
      - Plus are not a test, thieving or netshort property via.
  - Antenna vias do not have connections on their start and end layers.
      - Plus they are not a thieving vias.
      - Optionally, VOLTAGE nets, testvias and through vias can be suppressed with
        the environment variable report_antennavia.
      - Section may be suppressed by variable report_noantennavia.
  - Not part of the current partition.
  - To suppress items in dangle report add the OK_DANGLE property to the via
    or connect line.

<< Dangling Lines >>  - Location marked with a star (*) is dangling.
  Net                 Layer                  Length       Location
  ------------------------------------------------------------------------------------------
  Not a Net            TOP                   0.8672     *(97.2820 151.1300) to *(96.5200 150.8760)


<< Dangling Vias >>
  Net                  Padstack               Location            Layers
  ---------------------------------------------------------------------------
  +3V3                 VIA                  (92.4560 143.5100) TOP/BOTTOM 
  +3V3                 VIA                  (93.1840 131.8600) TOP/BOTTOM 
  +3V3                 VIA                  (104.6480 138.9380) TOP/BOTTOM 
  +3V3                 VIA                  (108.9660 121.1580) TOP/BOTTOM 
  +3V3                 VIA                  (135.1280 137.9220) TOP/BOTTOM 
  VBUS                 VIA                  (101.3460 133.6040) TOP/BOTTOM 
  VSENS                VIA                  (95.7580 143.5100) TOP/BOTTOM 
  VSENS                VIA                  (100.8380 125.7300) TOP/BOTTOM 
  VSENS                VIA                  (101.3460 132.3340) TOP/BOTTOM 


<< Antenna Vias >>
  Net                  Padstack               Location            Layers
  ---------------------------------------------------------------------------
  +3V3                 VIA                  (92.4560 143.5100) TOP/BOTTOM 
  +3V3                 VIA                  (93.1840 131.8600) TOP/BOTTOM 
  +3V3                 VIA                  (104.6480 138.9380) TOP/BOTTOM 
  +3V3                 VIA                  (108.9660 121.1580) TOP/BOTTOM 
  +3V3                 VIA                  (135.1280 137.9220) TOP/BOTTOM 
  0                    VIA                  (97.6630 133.7310) TOP/BOTTOM 
  0                    VIA                  (100.8380 122.4280) TOP/BOTTOM 
  0                    VIA                  (110.4900 128.2700) TOP/BOTTOM 
  0                    VIA                  (121.6660 137.1600) TOP/BOTTOM 
  0                    VIA                  (135.1280 134.6200) TOP/BOTTOM 
  VBUS                 VIA                  (101.3460 133.6040) TOP/BOTTOM 
  VSENS                VIA                  (95.7580 143.5100) TOP/BOTTOM 
  VSENS                VIA                  (100.8380 125.7300) TOP/BOTTOM 
  VSENS                VIA                  (101.3460 132.3340) TOP/BOTTOM 

<< Summary >>
  Total dangling lines:       1
  Total dangling vias:        9
  Total antenna vias:        14
