(---------------------------------------------------------------------)
(                                                                     )
(    Allegro Netrev Import Logic                                      )
(                                                                     )
(    Drawing          : ULTIMA.brd                                    )
(    Software Version : 23.1S005                                      )
(    Date/Time        : Tue Jul 30 18:05:01 2024                      )
(                                                                     )
(---------------------------------------------------------------------)


------ Directives ------------

Ripup etch:                  No
Ripup delete first segment:  No
Ripup retain bondwire:       No
Ripup symbols:               Always
Missing symbol has error:    No
DRC update:                  Yes
Schematic directory:         'D:\PROJECTS\HARDWAREDESIGN\PCB_ULTIMA\allegro'
Design Directory:            'D:/Projects/HardwareDesign/PCB_Ultima/allegro'
Old design name:             'D:/Projects/HardwareDesign/PCB_Ultima/allegro/ULTIMA.brd'
New design name:             'D:/Projects/HardwareDesign/PCB_Ultima/allegro/ULTIMA.brd'

CmdLine: netrev.exe -y 1 -v -n -i D:\PROJECTS\HARDWAREDESIGN\PCB_ULTIMA\allegro D:/Projects/HardwareDesign/PCB_Ultima/allegro/ULTIMA.brd D:/Projects/HardwareDesign/PCB_Ultima/allegro/ULTIMA.brd

------ Preparing to read pst files ------

Starting to read D:/PROJECTS/HARDWAREDESIGN/PCB_ULTIMA/allegro/pstchip.dat 
   Finished reading D:/PROJECTS/HARDWAREDESIGN/PCB_ULTIMA/allegro/pstchip.dat (00:00:00.38)
Starting to read D:/PROJECTS/HARDWAREDESIGN/PCB_ULTIMA/allegro/pstxprt.dat 
   Finished reading D:/PROJECTS/HARDWAREDESIGN/PCB_ULTIMA/allegro/pstxprt.dat (00:00:00.00)
Starting to read D:/PROJECTS/HARDWAREDESIGN/PCB_ULTIMA/allegro/pstxnet.dat 
   Finished reading D:/PROJECTS/HARDWAREDESIGN/PCB_ULTIMA/allegro/pstxnet.dat (00:00:00.00)

------ Oversights/Warnings/Errors ------




===========================================================
Start Constraint Override Import
	Constraint File:    D:/PROJECTS/HARDWAREDESIGN/PCB_ULTIMA/allegro/pstcmdb.dat
	Start time: Tue Jul 30 18:05:01 2024
===========================================================
===========================================================
Finished Constraint Update	Time: Tue Jul 30 18:05:01 2024
===========================================================

------ Library Paths ------
MODULEPATH =  . 
           C:/Cadence/SPB_23.1/share/orApps/OrCaptureApp/../../../share/local/pcb/modules 

PSMPATH =  . 
           symbols 
           .. 
           ../symbols 
           C:/Cadence/SPB_23.1/share/orApps/OrCaptureApp/../../../share/local/pcb/symbols 
           C:/Cadence/SPB_23.1/share/orApps/OrCaptureApp/../../../share/pcb/pcb_lib/symbols 
           C:/Cadence/SPB_23.1/share/orApps/OrCaptureApp/../../../share/pcb/allegrolib/symbols 

PADPATH =  . 
           symbols 
           .. 
           ../symbols 
           C:/Cadence/SPB_23.1/share/orApps/OrCaptureApp/../../../share/local/pcb/padstacks 
           C:/Cadence/SPB_23.1/share/orApps/OrCaptureApp/../../../share/pcb/pcb_lib/symbols 
           C:/Cadence/SPB_23.1/share/orApps/OrCaptureApp/../../../share/pcb/allegrolib/symbols 


------ Summary Statistics ------


netrev run on Jul 30 18:05:00 2024
   DESIGN NAME : 'ULTIMA'
   PACKAGING ON Jun 12 2024 12:32:55

   COMPILE 'logic'
   CHECK_PIN_NAMES OFF
   CROSS_REFERENCE OFF
   FEEDBACK OFF
   INCREMENTAL OFF
   INTERFACE_TYPE PHYSICAL
   MAX_ERRORS 500
   MERGE_MINIMUM 5
   NET_NAME_CHARS '#%&()*+-./:=>?@[]^_`|'
   NET_NAME_LENGTH 24
   OVERSIGHTS ON
   REPLACE_CHECK OFF
   SINGLE_NODE_NETS ON
   SPLIT_MINIMUM 0
   SUPPRESS   20
   WARNINGS ON

 No error detected
 No oversight detected
 No warning detected

cpu time      0:02:38
elapsed time  0:00:01

